<?xml version="1.0" encoding="UTF-8"?>
<TestRun id="007f6cbe-1fd5-4649-8730-4b11c42ebf73" name="chris@CHRISLAPTOP 2012-06-18 19:34:22" runUser="chrislaptop\chris" xmlns="http://microsoft.com/schemas/VisualStudio/TeamTest/2010">
  <TestSettings name="Local" id="87b3b41a-f5ee-4a39-9ba7-a2667af6a788">
    <Description>These are default test settings for a local test run.</Description>
    <Deployment runDeploymentRoot="chris_CHRISLAPTOP 2012-06-18 19_34_22">
      <DeploymentItem filename="C:\Users\chris\mmbot\3dtools\3DTools-1.01-bin\3DTools.dll" />
      <DeploymentItem filename="C:\Users\chris\mmbot\convexcad\convexcad\bin\Debug\convexcad.exe" />
    </Deployment>
    <Execution>
      <TestTypeSpecific>
        <UnitTestRunConfig testTypeId="13cdc9d9-ddb5-4fa4-a97d-d965ccfc6d4b">
          <AssemblyResolution>
            <TestDirectory useLoadContext="true" />
          </AssemblyResolution>
        </UnitTestRunConfig>
      </TestTypeSpecific>
      <AgentRule name="Execution Agents">
      </AgentRule>
    </Execution>
  </TestSettings>
  <Times creation="2012-06-18T19:34:22.5119252+01:00" queuing="2012-06-18T19:34:22.6809349+01:00" start="2012-06-18T19:34:22.7039362+01:00" finish="2012-06-18T19:34:25.7491104+01:00" />
  <ResultSummary outcome="Failed">
    <Counters total="6" executed="6" passed="5" error="0" failed="1" timeout="0" aborted="0" inconclusive="0" passedButRunAborted="0" notRunnable="0" notExecuted="0" disconnected="0" warning="0" completed="0" inProgress="0" pending="0" />
  </ResultSummary>
  <TestDefinitions>
    <UnitTest name="RectangleTranslated2" storage="c:\users\chris\mmbot\convexcad\tests\bin\debug\tests.dll" id="bc1f91b1-352d-acef-b639-68c3cdeafb4d">
      <Execution id="fe18fc73-f2c9-4ee4-9d79-fb9245181a1f" />
      <TestMethod codeBase="C:/Users/chris/mmbot/convexcad/tests/bin/Debug/tests.DLL" adapterTypeName="Microsoft.VisualStudio.TestTools.TestTypes.Unit.UnitTestAdapter, Microsoft.VisualStudio.QualityTools.Tips.UnitTest.Adapter, Version=10.0.0.0, Culture=neutral, PublicKeyToken=b03f5f7f11d50a3a" className="tests.CSGSceneTest, tests, Version=1.0.0.0, Culture=neutral, PublicKeyToken=null" name="RectangleTranslated2" />
    </UnitTest>
    <UnitTest name="RectangleTranslated" storage="c:\users\chris\mmbot\convexcad\tests\bin\debug\tests.dll" id="c9b82b42-3356-cf6d-93eb-b5b5d43e4723">
      <Execution id="ff3926b5-8201-408f-830c-80e8876e7b09" />
      <TestMethod codeBase="C:/Users/chris/mmbot/convexcad/tests/bin/Debug/tests.DLL" adapterTypeName="Microsoft.VisualStudio.TestTools.TestTypes.Unit.UnitTestAdapter, Microsoft.VisualStudio.QualityTools.Tips.UnitTest.Adapter, Version=10.0.0.0, Culture=neutral, PublicKeyToken=b03f5f7f11d50a3a" className="tests.CSGSceneTest, tests, Version=1.0.0.0, Culture=neutral, PublicKeyToken=null" name="RectangleTranslated" />
    </UnitTest>
    <UnitTest name="RectangleTest2" storage="c:\users\chris\mmbot\convexcad\tests\bin\debug\tests.dll" id="4e932900-7c1e-7db1-e4d5-e7e2247250ce">
      <Execution id="eda261e2-d6f0-4294-82ee-56eb006fdd83" />
      <TestMethod codeBase="C:/Users/chris/mmbot/convexcad/tests/bin/Debug/tests.DLL" adapterTypeName="Microsoft.VisualStudio.TestTools.TestTypes.Unit.UnitTestAdapter, Microsoft.VisualStudio.QualityTools.Tips.UnitTest.Adapter, Version=10.0.0.0, Culture=neutral, PublicKeyToken=b03f5f7f11d50a3a" className="tests.CSGSceneTest, tests, Version=1.0.0.0, Culture=neutral, PublicKeyToken=null" name="RectangleTest2" />
    </UnitTest>
    <UnitTest name="RectangleTranslated3" storage="c:\users\chris\mmbot\convexcad\tests\bin\debug\tests.dll" id="8f7c7f4a-018f-2d86-deb7-eb725a8508a3">
      <Execution id="0065489e-defc-4e02-a446-efa55ba1eca8" />
      <TestMethod codeBase="C:/Users/chris/mmbot/convexcad/tests/bin/Debug/tests.DLL" adapterTypeName="Microsoft.VisualStudio.TestTools.TestTypes.Unit.UnitTestAdapter, Microsoft.VisualStudio.QualityTools.Tips.UnitTest.Adapter, Version=10.0.0.0, Culture=neutral, PublicKeyToken=b03f5f7f11d50a3a" className="tests.CSGSceneTest, tests, Version=1.0.0.0, Culture=neutral, PublicKeyToken=null" name="RectangleTranslated3" />
    </UnitTest>
    <UnitTest name="RectangleTest" storage="c:\users\chris\mmbot\convexcad\tests\bin\debug\tests.dll" id="fb71f77b-d140-c2ed-ce91-44bcea9f3a84">
      <Execution id="68ffce38-1757-4191-9116-501409bc0d54" />
      <TestMethod codeBase="C:/Users/chris/mmbot/convexcad/tests/bin/Debug/tests.DLL" adapterTypeName="Microsoft.VisualStudio.TestTools.TestTypes.Unit.UnitTestAdapter, Microsoft.VisualStudio.QualityTools.Tips.UnitTest.Adapter, Version=10.0.0.0, Culture=neutral, PublicKeyToken=b03f5f7f11d50a3a" className="tests.CSGSceneTest, tests, Version=1.0.0.0, Culture=neutral, PublicKeyToken=null" name="RectangleTest" />
    </UnitTest>
    <UnitTest name="RectangleTest3" storage="c:\users\chris\mmbot\convexcad\tests\bin\debug\tests.dll" id="ab49f718-abdd-4482-8af9-1999e6272b9b">
      <Execution id="d49577af-3d4e-4137-a246-b0ae477cc6af" />
      <TestMethod codeBase="C:/Users/chris/mmbot/convexcad/tests/bin/Debug/tests.DLL" adapterTypeName="Microsoft.VisualStudio.TestTools.TestTypes.Unit.UnitTestAdapter, Microsoft.VisualStudio.QualityTools.Tips.UnitTest.Adapter, Version=10.0.0.0, Culture=neutral, PublicKeyToken=b03f5f7f11d50a3a" className="tests.CSGSceneTest, tests, Version=1.0.0.0, Culture=neutral, PublicKeyToken=null" name="RectangleTest3" />
    </UnitTest>
  </TestDefinitions>
  <TestLists>
    <TestList name="Results Not in a List" id="8c84fa94-04c1-424b-9868-57a2d4851a1d" />
    <TestList name="All Loaded Results" id="19431567-8539-422a-85d7-44ee4e166bda" />
  </TestLists>
  <TestEntries>
    <TestEntry testId="4e932900-7c1e-7db1-e4d5-e7e2247250ce" executionId="eda261e2-d6f0-4294-82ee-56eb006fdd83" testListId="8c84fa94-04c1-424b-9868-57a2d4851a1d" />
    <TestEntry testId="8f7c7f4a-018f-2d86-deb7-eb725a8508a3" executionId="0065489e-defc-4e02-a446-efa55ba1eca8" testListId="8c84fa94-04c1-424b-9868-57a2d4851a1d" />
    <TestEntry testId="ab49f718-abdd-4482-8af9-1999e6272b9b" executionId="d49577af-3d4e-4137-a246-b0ae477cc6af" testListId="8c84fa94-04c1-424b-9868-57a2d4851a1d" />
    <TestEntry testId="bc1f91b1-352d-acef-b639-68c3cdeafb4d" executionId="fe18fc73-f2c9-4ee4-9d79-fb9245181a1f" testListId="8c84fa94-04c1-424b-9868-57a2d4851a1d" />
    <TestEntry testId="c9b82b42-3356-cf6d-93eb-b5b5d43e4723" executionId="ff3926b5-8201-408f-830c-80e8876e7b09" testListId="8c84fa94-04c1-424b-9868-57a2d4851a1d" />
    <TestEntry testId="fb71f77b-d140-c2ed-ce91-44bcea9f3a84" executionId="68ffce38-1757-4191-9116-501409bc0d54" testListId="8c84fa94-04c1-424b-9868-57a2d4851a1d" />
  </TestEntries>
  <Results>
    <UnitTestResult executionId="eda261e2-d6f0-4294-82ee-56eb006fdd83" testId="4e932900-7c1e-7db1-e4d5-e7e2247250ce" testName="RectangleTest2" computerName="CHRISLAPTOP" duration="00:00:00.5613206" startTime="2012-06-18T19:34:22.7159369+01:00" endTime="2012-06-18T19:34:23.6139882+01:00" testType="13cdc9d9-ddb5-4fa4-a97d-d965ccfc6d4b" outcome="Passed" testListId="8c84fa94-04c1-424b-9868-57a2d4851a1d" relativeResultsDirectory="eda261e2-d6f0-4294-82ee-56eb006fdd83">
    </UnitTestResult>
    <UnitTestResult executionId="0065489e-defc-4e02-a446-efa55ba1eca8" testId="8f7c7f4a-018f-2d86-deb7-eb725a8508a3" testName="RectangleTranslated3" computerName="CHRISLAPTOP" duration="00:00:00.4138964" startTime="2012-06-18T19:34:23.6249889+01:00" endTime="2012-06-18T19:34:24.0510132+01:00" testType="13cdc9d9-ddb5-4fa4-a97d-d965ccfc6d4b" outcome="Passed" testListId="8c84fa94-04c1-424b-9868-57a2d4851a1d" relativeResultsDirectory="0065489e-defc-4e02-a446-efa55ba1eca8">
    </UnitTestResult>
    <UnitTestResult executionId="d49577af-3d4e-4137-a246-b0ae477cc6af" testId="ab49f718-abdd-4482-8af9-1999e6272b9b" testName="RectangleTest3" computerName="CHRISLAPTOP" duration="00:00:00.4100349" startTime="2012-06-18T19:34:24.0530134+01:00" endTime="2012-06-18T19:34:24.4760375+01:00" testType="13cdc9d9-ddb5-4fa4-a97d-d965ccfc6d4b" outcome="Failed" testListId="8c84fa94-04c1-424b-9868-57a2d4851a1d" relativeResultsDirectory="d49577af-3d4e-4137-a246-b0ae477cc6af">
      <Output>
        <ErrorInfo>
          <Message>Test method tests.CSGSceneTest.RectangleTest3 threw exception: 
System.NullReferenceException: Object reference not set to an instance of an object.</Message>
          <StackTrace>    at convexcad.SceneRunner.ExecuteCode(String code, String namespacename, String classname, String functionname, Boolean isstatic, Object[] args) in C:\Users\chris\mmbot\convexcad\convexcad\SceneRunner.cs:line 58
   at tests.CSGSceneTest.RunCodeSceneTest(String filename, String classname) in C:\Users\chris\mmbot\convexcad\tests\CSGSceneTest.cs:line 118
   at tests.CSGSceneTest.RectangleTest3() in C:\Users\chris\mmbot\convexcad\tests\CSGSceneTest.cs:line 135
</StackTrace>
        </ErrorInfo>
      </Output>
    </UnitTestResult>
    <UnitTestResult executionId="fe18fc73-f2c9-4ee4-9d79-fb9245181a1f" testId="bc1f91b1-352d-acef-b639-68c3cdeafb4d" testName="RectangleTranslated2" computerName="CHRISLAPTOP" duration="00:00:00.3994550" startTime="2012-06-18T19:34:24.4780377+01:00" endTime="2012-06-18T19:34:24.8860610+01:00" testType="13cdc9d9-ddb5-4fa4-a97d-d965ccfc6d4b" outcome="Passed" testListId="8c84fa94-04c1-424b-9868-57a2d4851a1d" relativeResultsDirectory="fe18fc73-f2c9-4ee4-9d79-fb9245181a1f">
    </UnitTestResult>
    <UnitTestResult executionId="ff3926b5-8201-408f-830c-80e8876e7b09" testId="c9b82b42-3356-cf6d-93eb-b5b5d43e4723" testName="RectangleTranslated" computerName="CHRISLAPTOP" duration="00:00:00.3884836" startTime="2012-06-18T19:34:24.8900612+01:00" endTime="2012-06-18T19:34:25.2890841+01:00" testType="13cdc9d9-ddb5-4fa4-a97d-d965ccfc6d4b" outcome="Passed" testListId="8c84fa94-04c1-424b-9868-57a2d4851a1d" relativeResultsDirectory="ff3926b5-8201-408f-830c-80e8876e7b09">
    </UnitTestResult>
    <UnitTestResult executionId="68ffce38-1757-4191-9116-501409bc0d54" testId="fb71f77b-d140-c2ed-ce91-44bcea9f3a84" testName="RectangleTest" computerName="CHRISLAPTOP" duration="00:00:00.4254519" startTime="2012-06-18T19:34:25.2920842+01:00" endTime="2012-06-18T19:34:25.7281092+01:00" testType="13cdc9d9-ddb5-4fa4-a97d-d965ccfc6d4b" outcome="Passed" testListId="8c84fa94-04c1-424b-9868-57a2d4851a1d" relativeResultsDirectory="68ffce38-1757-4191-9116-501409bc0d54">
    </UnitTestResult>
  </Results>
</TestRun>