<?xml version="1.0" encoding="UTF-8"?>
<TestRun id="693d54a7-3961-4106-b04e-b8886ec9a33c" name="chris@CHRISLAPTOP 2012-06-18 23:34:28" runUser="chrislaptop\chris" xmlns="http://microsoft.com/schemas/VisualStudio/TeamTest/2010">
  <TestSettings name="Local" id="87b3b41a-f5ee-4a39-9ba7-a2667af6a788">
    <Description>These are default test settings for a local test run.</Description>
    <Deployment runDeploymentRoot="chris_CHRISLAPTOP 2012-06-18 23_34_28">
      <DeploymentItem filename="C:\Users\chris\mmbot\3dtools\3DTools-1.01-bin\3DTools.dll" />
      <DeploymentItem filename="C:\Users\chris\mmbot\convexcad\convexcad\bin\Debug\convexcad.exe" />
    </Deployment>
    <Execution>
      <TestTypeSpecific>
        <UnitTestRunConfig testTypeId="13cdc9d9-ddb5-4fa4-a97d-d965ccfc6d4b">
          <AssemblyResolution>
            <TestDirectory useLoadContext="true" />
          </AssemblyResolution>
        </UnitTestRunConfig>
      </TestTypeSpecific>
      <AgentRule name="Execution Agents">
      </AgentRule>
    </Execution>
  </TestSettings>
  <Times creation="2012-06-18T23:34:28.6779108+01:00" queuing="2012-06-18T23:34:28.9999292+01:00" start="2012-06-18T23:34:29.0239306+01:00" finish="2012-06-18T23:34:36.2943464+01:00" />
  <ResultSummary outcome="Completed">
    <Counters total="15" executed="15" passed="15" error="0" failed="0" timeout="0" aborted="0" inconclusive="0" passedButRunAborted="0" notRunnable="0" notExecuted="0" disconnected="0" warning="0" completed="0" inProgress="0" pending="0" />
  </ResultSummary>
  <TestDefinitions>
    <UnitTest name="RectangleTranslated2" storage="c:\users\chris\mmbot\convexcad\tests\bin\debug\tests.dll" id="bc1f91b1-352d-acef-b639-68c3cdeafb4d">
      <Execution id="c4ebbf37-7281-48cd-910e-725094eea73f" />
      <TestMethod codeBase="C:/Users/chris/mmbot/convexcad/tests/bin/Debug/tests.DLL" adapterTypeName="Microsoft.VisualStudio.TestTools.TestTypes.Unit.UnitTestAdapter, Microsoft.VisualStudio.QualityTools.Tips.UnitTest.Adapter, Version=10.0.0.0, Culture=neutral, PublicKeyToken=b03f5f7f11d50a3a" className="tests.CSGSceneTest, tests, Version=1.0.0.0, Culture=neutral, PublicKeyToken=null" name="RectangleTranslated2" />
    </UnitTest>
    <UnitTest name="RectangleTest2" storage="c:\users\chris\mmbot\convexcad\tests\bin\debug\tests.dll" id="4e932900-7c1e-7db1-e4d5-e7e2247250ce">
      <Execution id="9e57b50d-24ce-4275-a958-a3cfb4f84a6d" />
      <TestMethod codeBase="C:/Users/chris/mmbot/convexcad/tests/bin/Debug/tests.DLL" adapterTypeName="Microsoft.VisualStudio.TestTools.TestTypes.Unit.UnitTestAdapter, Microsoft.VisualStudio.QualityTools.Tips.UnitTest.Adapter, Version=10.0.0.0, Culture=neutral, PublicKeyToken=b03f5f7f11d50a3a" className="tests.CSGSceneTest, tests, Version=1.0.0.0, Culture=neutral, PublicKeyToken=null" name="RectangleTest2" />
    </UnitTest>
    <UnitTest name="RectangleTest" storage="c:\users\chris\mmbot\convexcad\tests\bin\debug\tests.dll" id="fb71f77b-d140-c2ed-ce91-44bcea9f3a84">
      <Execution id="e9f40b71-a8d5-4f7e-8fff-558d743e15fa" />
      <TestMethod codeBase="C:/Users/chris/mmbot/convexcad/tests/bin/Debug/tests.DLL" adapterTypeName="Microsoft.VisualStudio.TestTools.TestTypes.Unit.UnitTestAdapter, Microsoft.VisualStudio.QualityTools.Tips.UnitTest.Adapter, Version=10.0.0.0, Culture=neutral, PublicKeyToken=b03f5f7f11d50a3a" className="tests.CSGSceneTest, tests, Version=1.0.0.0, Culture=neutral, PublicKeyToken=null" name="RectangleTest" />
    </UnitTest>
    <UnitTest name="RectangleTest3" storage="c:\users\chris\mmbot\convexcad\tests\bin\debug\tests.dll" id="ab49f718-abdd-4482-8af9-1999e6272b9b">
      <Execution id="ce392737-d884-4309-80de-8b8edbf47181" />
      <TestMethod codeBase="C:/Users/chris/mmbot/convexcad/tests/bin/Debug/tests.DLL" adapterTypeName="Microsoft.VisualStudio.TestTools.TestTypes.Unit.UnitTestAdapter, Microsoft.VisualStudio.QualityTools.Tips.UnitTest.Adapter, Version=10.0.0.0, Culture=neutral, PublicKeyToken=b03f5f7f11d50a3a" className="tests.CSGSceneTest, tests, Version=1.0.0.0, Culture=neutral, PublicKeyToken=null" name="RectangleTest3" />
    </UnitTest>
    <UnitTest name="RectangleTranslated3" storage="c:\users\chris\mmbot\convexcad\tests\bin\debug\tests.dll" id="8f7c7f4a-018f-2d86-deb7-eb725a8508a3">
      <Execution id="49b1b9bf-3c23-4118-a5bb-21336fc2435d" />
      <TestMethod codeBase="C:/Users/chris/mmbot/convexcad/tests/bin/Debug/tests.DLL" adapterTypeName="Microsoft.VisualStudio.TestTools.TestTypes.Unit.UnitTestAdapter, Microsoft.VisualStudio.QualityTools.Tips.UnitTest.Adapter, Version=10.0.0.0, Culture=neutral, PublicKeyToken=b03f5f7f11d50a3a" className="tests.CSGSceneTest, tests, Version=1.0.0.0, Culture=neutral, PublicKeyToken=null" name="RectangleTranslated3" />
    </UnitTest>
    <UnitTest name="UnionTest_RectRectOverlapping" storage="c:\users\chris\mmbot\convexcad\tests\bin\debug\tests.dll" id="f2826647-274f-6e71-9f88-8c2285fe2fbb">
      <Execution id="1779f41a-18b7-4571-8b51-e6ab742f39dd" />
      <TestMethod codeBase="C:/Users/chris/mmbot/convexcad/tests/bin/Debug/tests.DLL" adapterTypeName="Microsoft.VisualStudio.TestTools.TestTypes.Unit.UnitTestAdapter, Microsoft.VisualStudio.QualityTools.Tips.UnitTest.Adapter, Version=10.0.0.0, Culture=neutral, PublicKeyToken=b03f5f7f11d50a3a" className="tests.CSGSceneTest, tests, Version=1.0.0.0, Culture=neutral, PublicKeyToken=null" name="UnionTest_RectRectOverlapping" />
    </UnitTest>
    <UnitTest name="UnionTest_RectRectNotOverlapping" storage="c:\users\chris\mmbot\convexcad\tests\bin\debug\tests.dll" id="6d38c98f-31ee-c300-807d-f3f6bcd779b4">
      <Execution id="0a036abd-f114-4908-b0ab-23924850743b" />
      <TestMethod codeBase="C:/Users/chris/mmbot/convexcad/tests/bin/Debug/tests.DLL" adapterTypeName="Microsoft.VisualStudio.TestTools.TestTypes.Unit.UnitTestAdapter, Microsoft.VisualStudio.QualityTools.Tips.UnitTest.Adapter, Version=10.0.0.0, Culture=neutral, PublicKeyToken=b03f5f7f11d50a3a" className="tests.CSGSceneTest, tests, Version=1.0.0.0, Culture=neutral, PublicKeyToken=null" name="UnionTest_RectRectNotOverlapping" />
    </UnitTest>
    <UnitTest name="RectangleRotateMany" storage="c:\users\chris\mmbot\convexcad\tests\bin\debug\tests.dll" id="d1ccc269-a7af-1d32-5f92-ddf45c727333">
      <Execution id="4395e45d-7888-4e48-a0e8-0bfcb861e971" />
      <TestMethod codeBase="C:/Users/chris/mmbot/convexcad/tests/bin/Debug/tests.DLL" adapterTypeName="Microsoft.VisualStudio.TestTools.TestTypes.Unit.UnitTestAdapter, Microsoft.VisualStudio.QualityTools.Tips.UnitTest.Adapter, Version=10.0.0.0, Culture=neutral, PublicKeyToken=b03f5f7f11d50a3a" className="tests.CSGSceneTest, tests, Version=1.0.0.0, Culture=neutral, PublicKeyToken=null" name="RectangleRotateMany" />
    </UnitTest>
    <UnitTest name="RectangleRotateX" storage="c:\users\chris\mmbot\convexcad\tests\bin\debug\tests.dll" id="9bb38470-6d7c-8074-90e0-f8c4c9500d64">
      <Execution id="a1b677c7-3fde-4a88-9382-a1b41f2b583e" />
      <TestMethod codeBase="C:/Users/chris/mmbot/convexcad/tests/bin/Debug/tests.DLL" adapterTypeName="Microsoft.VisualStudio.TestTools.TestTypes.Unit.UnitTestAdapter, Microsoft.VisualStudio.QualityTools.Tips.UnitTest.Adapter, Version=10.0.0.0, Culture=neutral, PublicKeyToken=b03f5f7f11d50a3a" className="tests.CSGSceneTest, tests, Version=1.0.0.0, Culture=neutral, PublicKeyToken=null" name="RectangleRotateX" />
    </UnitTest>
    <UnitTest name="UnionTest_RectRectTouching" storage="c:\users\chris\mmbot\convexcad\tests\bin\debug\tests.dll" id="5c6dd9a9-ff18-f9c7-82e6-034450b93cdc">
      <Execution id="ed70c91c-e7a5-409c-bc2d-9a4bbd8600e1" />
      <TestMethod codeBase="C:/Users/chris/mmbot/convexcad/tests/bin/Debug/tests.DLL" adapterTypeName="Microsoft.VisualStudio.TestTools.TestTypes.Unit.UnitTestAdapter, Microsoft.VisualStudio.QualityTools.Tips.UnitTest.Adapter, Version=10.0.0.0, Culture=neutral, PublicKeyToken=b03f5f7f11d50a3a" className="tests.CSGSceneTest, tests, Version=1.0.0.0, Culture=neutral, PublicKeyToken=null" name="UnionTest_RectRectTouching" />
    </UnitTest>
    <UnitTest name="UnionTest_RectRectContainedA" storage="c:\users\chris\mmbot\convexcad\tests\bin\debug\tests.dll" id="d1d4aaff-d94e-d726-a75b-7373cc5953bc">
      <Execution id="4dcd59cf-963c-4aa5-90b5-9f313d60dcae" />
      <TestMethod codeBase="C:/Users/chris/mmbot/convexcad/tests/bin/Debug/tests.DLL" adapterTypeName="Microsoft.VisualStudio.TestTools.TestTypes.Unit.UnitTestAdapter, Microsoft.VisualStudio.QualityTools.Tips.UnitTest.Adapter, Version=10.0.0.0, Culture=neutral, PublicKeyToken=b03f5f7f11d50a3a" className="tests.CSGSceneTest, tests, Version=1.0.0.0, Culture=neutral, PublicKeyToken=null" name="UnionTest_RectRectContainedA" />
    </UnitTest>
    <UnitTest name="RectangleRotateZ" storage="c:\users\chris\mmbot\convexcad\tests\bin\debug\tests.dll" id="6e8044f9-ff7d-1ad7-1dba-0933d9bbf50e">
      <Execution id="6a7383de-c4ad-4efe-a30f-95ffdfe8639a" />
      <TestMethod codeBase="C:/Users/chris/mmbot/convexcad/tests/bin/Debug/tests.DLL" adapterTypeName="Microsoft.VisualStudio.TestTools.TestTypes.Unit.UnitTestAdapter, Microsoft.VisualStudio.QualityTools.Tips.UnitTest.Adapter, Version=10.0.0.0, Culture=neutral, PublicKeyToken=b03f5f7f11d50a3a" className="tests.CSGSceneTest, tests, Version=1.0.0.0, Culture=neutral, PublicKeyToken=null" name="RectangleRotateZ" />
    </UnitTest>
    <UnitTest name="UnionTest_MultiRectTranslatedOverlapping" storage="c:\users\chris\mmbot\convexcad\tests\bin\debug\tests.dll" id="c8b56a06-7a82-af9e-d8a8-48ae1cf6d885">
      <Execution id="57dbc56b-249f-4160-9e31-930021662f18" />
      <TestMethod codeBase="C:/Users/chris/mmbot/convexcad/tests/bin/Debug/tests.DLL" adapterTypeName="Microsoft.VisualStudio.TestTools.TestTypes.Unit.UnitTestAdapter, Microsoft.VisualStudio.QualityTools.Tips.UnitTest.Adapter, Version=10.0.0.0, Culture=neutral, PublicKeyToken=b03f5f7f11d50a3a" className="tests.CSGSceneTest, tests, Version=1.0.0.0, Culture=neutral, PublicKeyToken=null" name="UnionTest_MultiRectTranslatedOverlapping" />
    </UnitTest>
    <UnitTest name="RectangleRotateY" storage="c:\users\chris\mmbot\convexcad\tests\bin\debug\tests.dll" id="fd765ecb-3b5b-79c4-3097-dfbadf058aa6">
      <Execution id="02a6bafb-58b9-487c-a660-06f732ed9214" />
      <TestMethod codeBase="C:/Users/chris/mmbot/convexcad/tests/bin/Debug/tests.DLL" adapterTypeName="Microsoft.VisualStudio.TestTools.TestTypes.Unit.UnitTestAdapter, Microsoft.VisualStudio.QualityTools.Tips.UnitTest.Adapter, Version=10.0.0.0, Culture=neutral, PublicKeyToken=b03f5f7f11d50a3a" className="tests.CSGSceneTest, tests, Version=1.0.0.0, Culture=neutral, PublicKeyToken=null" name="RectangleRotateY" />
    </UnitTest>
    <UnitTest name="RectangleTranslated" storage="c:\users\chris\mmbot\convexcad\tests\bin\debug\tests.dll" id="c9b82b42-3356-cf6d-93eb-b5b5d43e4723">
      <Execution id="390ee2c5-fe1a-4893-9cac-74c053d86054" />
      <TestMethod codeBase="C:/Users/chris/mmbot/convexcad/tests/bin/Debug/tests.DLL" adapterTypeName="Microsoft.VisualStudio.TestTools.TestTypes.Unit.UnitTestAdapter, Microsoft.VisualStudio.QualityTools.Tips.UnitTest.Adapter, Version=10.0.0.0, Culture=neutral, PublicKeyToken=b03f5f7f11d50a3a" className="tests.CSGSceneTest, tests, Version=1.0.0.0, Culture=neutral, PublicKeyToken=null" name="RectangleTranslated" />
    </UnitTest>
  </TestDefinitions>
  <TestLists>
    <TestList name="Results Not in a List" id="8c84fa94-04c1-424b-9868-57a2d4851a1d" />
    <TestList name="All Loaded Results" id="19431567-8539-422a-85d7-44ee4e166bda" />
  </TestLists>
  <TestEntries>
    <TestEntry testId="4e932900-7c1e-7db1-e4d5-e7e2247250ce" executionId="9e57b50d-24ce-4275-a958-a3cfb4f84a6d" testListId="8c84fa94-04c1-424b-9868-57a2d4851a1d" />
    <TestEntry testId="5c6dd9a9-ff18-f9c7-82e6-034450b93cdc" executionId="ed70c91c-e7a5-409c-bc2d-9a4bbd8600e1" testListId="8c84fa94-04c1-424b-9868-57a2d4851a1d" />
    <TestEntry testId="6d38c98f-31ee-c300-807d-f3f6bcd779b4" executionId="0a036abd-f114-4908-b0ab-23924850743b" testListId="8c84fa94-04c1-424b-9868-57a2d4851a1d" />
    <TestEntry testId="6e8044f9-ff7d-1ad7-1dba-0933d9bbf50e" executionId="6a7383de-c4ad-4efe-a30f-95ffdfe8639a" testListId="8c84fa94-04c1-424b-9868-57a2d4851a1d" />
    <TestEntry testId="8f7c7f4a-018f-2d86-deb7-eb725a8508a3" executionId="49b1b9bf-3c23-4118-a5bb-21336fc2435d" testListId="8c84fa94-04c1-424b-9868-57a2d4851a1d" />
    <TestEntry testId="9bb38470-6d7c-8074-90e0-f8c4c9500d64" executionId="a1b677c7-3fde-4a88-9382-a1b41f2b583e" testListId="8c84fa94-04c1-424b-9868-57a2d4851a1d" />
    <TestEntry testId="ab49f718-abdd-4482-8af9-1999e6272b9b" executionId="ce392737-d884-4309-80de-8b8edbf47181" testListId="8c84fa94-04c1-424b-9868-57a2d4851a1d" />
    <TestEntry testId="bc1f91b1-352d-acef-b639-68c3cdeafb4d" executionId="c4ebbf37-7281-48cd-910e-725094eea73f" testListId="8c84fa94-04c1-424b-9868-57a2d4851a1d" />
    <TestEntry testId="c8b56a06-7a82-af9e-d8a8-48ae1cf6d885" executionId="57dbc56b-249f-4160-9e31-930021662f18" testListId="8c84fa94-04c1-424b-9868-57a2d4851a1d" />
    <TestEntry testId="c9b82b42-3356-cf6d-93eb-b5b5d43e4723" executionId="390ee2c5-fe1a-4893-9cac-74c053d86054" testListId="8c84fa94-04c1-424b-9868-57a2d4851a1d" />
    <TestEntry testId="d1ccc269-a7af-1d32-5f92-ddf45c727333" executionId="4395e45d-7888-4e48-a0e8-0bfcb861e971" testListId="8c84fa94-04c1-424b-9868-57a2d4851a1d" />
    <TestEntry testId="d1d4aaff-d94e-d726-a75b-7373cc5953bc" executionId="4dcd59cf-963c-4aa5-90b5-9f313d60dcae" testListId="8c84fa94-04c1-424b-9868-57a2d4851a1d" />
    <TestEntry testId="f2826647-274f-6e71-9f88-8c2285fe2fbb" executionId="1779f41a-18b7-4571-8b51-e6ab742f39dd" testListId="8c84fa94-04c1-424b-9868-57a2d4851a1d" />
    <TestEntry testId="fb71f77b-d140-c2ed-ce91-44bcea9f3a84" executionId="e9f40b71-a8d5-4f7e-8fff-558d743e15fa" testListId="8c84fa94-04c1-424b-9868-57a2d4851a1d" />
    <TestEntry testId="fd765ecb-3b5b-79c4-3097-dfbadf058aa6" executionId="02a6bafb-58b9-487c-a660-06f732ed9214" testListId="8c84fa94-04c1-424b-9868-57a2d4851a1d" />
  </TestEntries>
  <Results>
    <UnitTestResult executionId="9e57b50d-24ce-4275-a958-a3cfb4f84a6d" testId="4e932900-7c1e-7db1-e4d5-e7e2247250ce" testName="RectangleTest2" computerName="CHRISLAPTOP" duration="00:00:00.4408757" startTime="2012-06-18T23:34:29.0499320+01:00" endTime="2012-06-18T23:34:29.8509779+01:00" testType="13cdc9d9-ddb5-4fa4-a97d-d965ccfc6d4b" outcome="Passed" testListId="8c84fa94-04c1-424b-9868-57a2d4851a1d" relativeResultsDirectory="9e57b50d-24ce-4275-a958-a3cfb4f84a6d">
    </UnitTestResult>
    <UnitTestResult executionId="ed70c91c-e7a5-409c-bc2d-9a4bbd8600e1" testId="5c6dd9a9-ff18-f9c7-82e6-034450b93cdc" testName="UnionTest_RectRectTouching" computerName="CHRISLAPTOP" duration="00:00:00.4579929" startTime="2012-06-18T23:34:29.8589783+01:00" endTime="2012-06-18T23:34:30.3220048+01:00" testType="13cdc9d9-ddb5-4fa4-a97d-d965ccfc6d4b" outcome="Passed" testListId="8c84fa94-04c1-424b-9868-57a2d4851a1d" relativeResultsDirectory="ed70c91c-e7a5-409c-bc2d-9a4bbd8600e1">
    </UnitTestResult>
    <UnitTestResult executionId="0a036abd-f114-4908-b0ab-23924850743b" testId="6d38c98f-31ee-c300-807d-f3f6bcd779b4" testName="UnionTest_RectRectNotOverlapping" computerName="CHRISLAPTOP" duration="00:00:00.4000561" startTime="2012-06-18T23:34:30.3330054+01:00" endTime="2012-06-18T23:34:30.7440289+01:00" testType="13cdc9d9-ddb5-4fa4-a97d-d965ccfc6d4b" outcome="Passed" testListId="8c84fa94-04c1-424b-9868-57a2d4851a1d" relativeResultsDirectory="0a036abd-f114-4908-b0ab-23924850743b">
    </UnitTestResult>
    <UnitTestResult executionId="6a7383de-c4ad-4efe-a30f-95ffdfe8639a" testId="6e8044f9-ff7d-1ad7-1dba-0933d9bbf50e" testName="RectangleRotateZ" computerName="CHRISLAPTOP" duration="00:00:00.3692462" startTime="2012-06-18T23:34:30.7530295+01:00" endTime="2012-06-18T23:34:31.1270509+01:00" testType="13cdc9d9-ddb5-4fa4-a97d-d965ccfc6d4b" outcome="Passed" testListId="8c84fa94-04c1-424b-9868-57a2d4851a1d" relativeResultsDirectory="6a7383de-c4ad-4efe-a30f-95ffdfe8639a">
    </UnitTestResult>
    <UnitTestResult executionId="49b1b9bf-3c23-4118-a5bb-21336fc2435d" testId="8f7c7f4a-018f-2d86-deb7-eb725a8508a3" testName="RectangleTranslated3" computerName="CHRISLAPTOP" duration="00:00:00.5609850" startTime="2012-06-18T23:34:31.1400516+01:00" endTime="2012-06-18T23:34:31.7210848+01:00" testType="13cdc9d9-ddb5-4fa4-a97d-d965ccfc6d4b" outcome="Passed" testListId="8c84fa94-04c1-424b-9868-57a2d4851a1d" relativeResultsDirectory="49b1b9bf-3c23-4118-a5bb-21336fc2435d">
    </UnitTestResult>
    <UnitTestResult executionId="a1b677c7-3fde-4a88-9382-a1b41f2b583e" testId="9bb38470-6d7c-8074-90e0-f8c4c9500d64" testName="RectangleRotateX" computerName="CHRISLAPTOP" duration="00:00:00.3213544" startTime="2012-06-18T23:34:31.7450862+01:00" endTime="2012-06-18T23:34:32.0801054+01:00" testType="13cdc9d9-ddb5-4fa4-a97d-d965ccfc6d4b" outcome="Passed" testListId="8c84fa94-04c1-424b-9868-57a2d4851a1d" relativeResultsDirectory="a1b677c7-3fde-4a88-9382-a1b41f2b583e">
    </UnitTestResult>
    <UnitTestResult executionId="ce392737-d884-4309-80de-8b8edbf47181" testId="ab49f718-abdd-4482-8af9-1999e6272b9b" testName="RectangleTest3" computerName="CHRISLAPTOP" duration="00:00:00.4539571" startTime="2012-06-18T23:34:32.0861057+01:00" endTime="2012-06-18T23:34:32.5451320+01:00" testType="13cdc9d9-ddb5-4fa4-a97d-d965ccfc6d4b" outcome="Passed" testListId="8c84fa94-04c1-424b-9868-57a2d4851a1d" relativeResultsDirectory="ce392737-d884-4309-80de-8b8edbf47181">
    </UnitTestResult>
    <UnitTestResult executionId="c4ebbf37-7281-48cd-910e-725094eea73f" testId="bc1f91b1-352d-acef-b639-68c3cdeafb4d" testName="RectangleTranslated2" computerName="CHRISLAPTOP" duration="00:00:00.3258343" startTime="2012-06-18T23:34:32.5551325+01:00" endTime="2012-06-18T23:34:32.8861515+01:00" testType="13cdc9d9-ddb5-4fa4-a97d-d965ccfc6d4b" outcome="Passed" testListId="8c84fa94-04c1-424b-9868-57a2d4851a1d" relativeResultsDirectory="c4ebbf37-7281-48cd-910e-725094eea73f">
    </UnitTestResult>
    <UnitTestResult executionId="57dbc56b-249f-4160-9e31-930021662f18" testId="c8b56a06-7a82-af9e-d8a8-48ae1cf6d885" testName="UnionTest_MultiRectTranslatedOverlapping" computerName="CHRISLAPTOP" duration="00:00:00.4159319" startTime="2012-06-18T23:34:32.8941519+01:00" endTime="2012-06-18T23:34:33.3171761+01:00" testType="13cdc9d9-ddb5-4fa4-a97d-d965ccfc6d4b" outcome="Passed" testListId="8c84fa94-04c1-424b-9868-57a2d4851a1d" relativeResultsDirectory="57dbc56b-249f-4160-9e31-930021662f18">
    </UnitTestResult>
    <UnitTestResult executionId="390ee2c5-fe1a-4893-9cac-74c053d86054" testId="c9b82b42-3356-cf6d-93eb-b5b5d43e4723" testName="RectangleTranslated" computerName="CHRISLAPTOP" duration="00:00:00.4120846" startTime="2012-06-18T23:34:33.3241765+01:00" endTime="2012-06-18T23:34:33.7432005+01:00" testType="13cdc9d9-ddb5-4fa4-a97d-d965ccfc6d4b" outcome="Passed" testListId="8c84fa94-04c1-424b-9868-57a2d4851a1d" relativeResultsDirectory="390ee2c5-fe1a-4893-9cac-74c053d86054">
    </UnitTestResult>
    <UnitTestResult executionId="4395e45d-7888-4e48-a0e8-0bfcb861e971" testId="d1ccc269-a7af-1d32-5f92-ddf45c727333" testName="RectangleRotateMany" computerName="CHRISLAPTOP" duration="00:00:00.3261881" startTime="2012-06-18T23:34:33.7532011+01:00" endTime="2012-06-18T23:34:34.0862201+01:00" testType="13cdc9d9-ddb5-4fa4-a97d-d965ccfc6d4b" outcome="Passed" testListId="8c84fa94-04c1-424b-9868-57a2d4851a1d" relativeResultsDirectory="4395e45d-7888-4e48-a0e8-0bfcb861e971">
    </UnitTestResult>
    <UnitTestResult executionId="4dcd59cf-963c-4aa5-90b5-9f313d60dcae" testId="d1d4aaff-d94e-d726-a75b-7373cc5953bc" testName="UnionTest_RectRectContainedA" computerName="CHRISLAPTOP" duration="00:00:00.3772378" startTime="2012-06-18T23:34:34.0962207+01:00" endTime="2012-06-18T23:34:34.4862430+01:00" testType="13cdc9d9-ddb5-4fa4-a97d-d965ccfc6d4b" outcome="Passed" testListId="8c84fa94-04c1-424b-9868-57a2d4851a1d" relativeResultsDirectory="4dcd59cf-963c-4aa5-90b5-9f313d60dcae">
    </UnitTestResult>
    <UnitTestResult executionId="1779f41a-18b7-4571-8b51-e6ab742f39dd" testId="f2826647-274f-6e71-9f88-8c2285fe2fbb" testName="UnionTest_RectRectOverlapping" computerName="CHRISLAPTOP" duration="00:00:00.5369345" startTime="2012-06-18T23:34:34.4932434+01:00" endTime="2012-06-18T23:34:35.0382746+01:00" testType="13cdc9d9-ddb5-4fa4-a97d-d965ccfc6d4b" outcome="Passed" testListId="8c84fa94-04c1-424b-9868-57a2d4851a1d" relativeResultsDirectory="1779f41a-18b7-4571-8b51-e6ab742f39dd">
    </UnitTestResult>
    <UnitTestResult executionId="e9f40b71-a8d5-4f7e-8fff-558d743e15fa" testId="fb71f77b-d140-c2ed-ce91-44bcea9f3a84" testName="RectangleTest" computerName="CHRISLAPTOP" duration="00:00:00.5481459" startTime="2012-06-18T23:34:35.0602758+01:00" endTime="2012-06-18T23:34:35.6303084+01:00" testType="13cdc9d9-ddb5-4fa4-a97d-d965ccfc6d4b" outcome="Passed" testListId="8c84fa94-04c1-424b-9868-57a2d4851a1d" relativeResultsDirectory="e9f40b71-a8d5-4f7e-8fff-558d743e15fa">
    </UnitTestResult>
    <UnitTestResult executionId="02a6bafb-58b9-487c-a660-06f732ed9214" testId="fd765ecb-3b5b-79c4-3097-dfbadf058aa6" testName="RectangleRotateY" computerName="CHRISLAPTOP" duration="00:00:00.3184864" startTime="2012-06-18T23:34:35.6363088+01:00" endTime="2012-06-18T23:34:35.9633275+01:00" testType="13cdc9d9-ddb5-4fa4-a97d-d965ccfc6d4b" outcome="Passed" testListId="8c84fa94-04c1-424b-9868-57a2d4851a1d" relativeResultsDirectory="02a6bafb-58b9-487c-a660-06f732ed9214">
    </UnitTestResult>
  </Results>
</TestRun>