<?xml version="1.0" encoding="UTF-8"?>
<TestRun id="fa4416f3-e5c5-4976-9f19-6a28b5f3d48a" name="chris@CHRISLAPTOP 2012-06-18 23:34:45" runUser="chrislaptop\chris" xmlns="http://microsoft.com/schemas/VisualStudio/TeamTest/2010">
  <TestSettings name="Local" id="87b3b41a-f5ee-4a39-9ba7-a2667af6a788">
    <Description>These are default test settings for a local test run.</Description>
    <Deployment runDeploymentRoot="chris_CHRISLAPTOP 2012-06-18 23_34_45">
      <DeploymentItem filename="C:\Users\chris\mmbot\3dtools\3DTools-1.01-bin\3DTools.dll" />
      <DeploymentItem filename="C:\Users\chris\mmbot\convexcad\convexcad\bin\Debug\convexcad.exe" />
    </Deployment>
    <Execution>
      <TestTypeSpecific>
        <UnitTestRunConfig testTypeId="13cdc9d9-ddb5-4fa4-a97d-d965ccfc6d4b">
          <AssemblyResolution>
            <TestDirectory useLoadContext="true" />
          </AssemblyResolution>
        </UnitTestRunConfig>
      </TestTypeSpecific>
      <AgentRule name="Execution Agents">
      </AgentRule>
    </Execution>
  </TestSettings>
  <Times creation="2012-06-18T23:34:45.5448755+01:00" queuing="2012-06-18T23:34:45.7958899+01:00" start="2012-06-18T23:34:45.8108907+01:00" finish="2012-06-18T23:34:52.3502648+01:00" />
  <ResultSummary outcome="Completed">
    <Counters total="15" executed="15" passed="15" error="0" failed="0" timeout="0" aborted="0" inconclusive="0" passedButRunAborted="0" notRunnable="0" notExecuted="0" disconnected="0" warning="0" completed="0" inProgress="0" pending="0" />
  </ResultSummary>
  <TestDefinitions>
    <UnitTest name="RectangleTranslated2" storage="c:\users\chris\mmbot\convexcad\tests\bin\debug\tests.dll" id="bc1f91b1-352d-acef-b639-68c3cdeafb4d">
      <Execution id="f554f26d-b12e-4109-9415-d069577c9b5e" />
      <TestMethod codeBase="C:/Users/chris/mmbot/convexcad/tests/bin/Debug/tests.DLL" adapterTypeName="Microsoft.VisualStudio.TestTools.TestTypes.Unit.UnitTestAdapter, Microsoft.VisualStudio.QualityTools.Tips.UnitTest.Adapter, Version=10.0.0.0, Culture=neutral, PublicKeyToken=b03f5f7f11d50a3a" className="tests.CSGSceneTest, tests, Version=1.0.0.0, Culture=neutral, PublicKeyToken=null" name="RectangleTranslated2" />
    </UnitTest>
    <UnitTest name="RectangleTest2" storage="c:\users\chris\mmbot\convexcad\tests\bin\debug\tests.dll" id="4e932900-7c1e-7db1-e4d5-e7e2247250ce">
      <Execution id="3f6bfd8c-4ebe-48fd-90bd-f91ece8f9c1b" />
      <TestMethod codeBase="C:/Users/chris/mmbot/convexcad/tests/bin/Debug/tests.DLL" adapterTypeName="Microsoft.VisualStudio.TestTools.TestTypes.Unit.UnitTestAdapter, Microsoft.VisualStudio.QualityTools.Tips.UnitTest.Adapter, Version=10.0.0.0, Culture=neutral, PublicKeyToken=b03f5f7f11d50a3a" className="tests.CSGSceneTest, tests, Version=1.0.0.0, Culture=neutral, PublicKeyToken=null" name="RectangleTest2" />
    </UnitTest>
    <UnitTest name="RectangleTest" storage="c:\users\chris\mmbot\convexcad\tests\bin\debug\tests.dll" id="fb71f77b-d140-c2ed-ce91-44bcea9f3a84">
      <Execution id="87f59a6a-e9ea-4a6d-8d3e-2caadf7766f7" />
      <TestMethod codeBase="C:/Users/chris/mmbot/convexcad/tests/bin/Debug/tests.DLL" adapterTypeName="Microsoft.VisualStudio.TestTools.TestTypes.Unit.UnitTestAdapter, Microsoft.VisualStudio.QualityTools.Tips.UnitTest.Adapter, Version=10.0.0.0, Culture=neutral, PublicKeyToken=b03f5f7f11d50a3a" className="tests.CSGSceneTest, tests, Version=1.0.0.0, Culture=neutral, PublicKeyToken=null" name="RectangleTest" />
    </UnitTest>
    <UnitTest name="RectangleTest3" storage="c:\users\chris\mmbot\convexcad\tests\bin\debug\tests.dll" id="ab49f718-abdd-4482-8af9-1999e6272b9b">
      <Execution id="01b68e09-af1c-49e9-935d-b2cf98eec13d" />
      <TestMethod codeBase="C:/Users/chris/mmbot/convexcad/tests/bin/Debug/tests.DLL" adapterTypeName="Microsoft.VisualStudio.TestTools.TestTypes.Unit.UnitTestAdapter, Microsoft.VisualStudio.QualityTools.Tips.UnitTest.Adapter, Version=10.0.0.0, Culture=neutral, PublicKeyToken=b03f5f7f11d50a3a" className="tests.CSGSceneTest, tests, Version=1.0.0.0, Culture=neutral, PublicKeyToken=null" name="RectangleTest3" />
    </UnitTest>
    <UnitTest name="RectangleTranslated3" storage="c:\users\chris\mmbot\convexcad\tests\bin\debug\tests.dll" id="8f7c7f4a-018f-2d86-deb7-eb725a8508a3">
      <Execution id="2bcd8ca3-5cf5-4c06-9c67-eda19c1bae26" />
      <TestMethod codeBase="C:/Users/chris/mmbot/convexcad/tests/bin/Debug/tests.DLL" adapterTypeName="Microsoft.VisualStudio.TestTools.TestTypes.Unit.UnitTestAdapter, Microsoft.VisualStudio.QualityTools.Tips.UnitTest.Adapter, Version=10.0.0.0, Culture=neutral, PublicKeyToken=b03f5f7f11d50a3a" className="tests.CSGSceneTest, tests, Version=1.0.0.0, Culture=neutral, PublicKeyToken=null" name="RectangleTranslated3" />
    </UnitTest>
    <UnitTest name="UnionTest_RectRectOverlapping" storage="c:\users\chris\mmbot\convexcad\tests\bin\debug\tests.dll" id="f2826647-274f-6e71-9f88-8c2285fe2fbb">
      <Execution id="18aae813-ed9b-4f6c-94fc-d05e52e2be06" />
      <TestMethod codeBase="C:/Users/chris/mmbot/convexcad/tests/bin/Debug/tests.DLL" adapterTypeName="Microsoft.VisualStudio.TestTools.TestTypes.Unit.UnitTestAdapter, Microsoft.VisualStudio.QualityTools.Tips.UnitTest.Adapter, Version=10.0.0.0, Culture=neutral, PublicKeyToken=b03f5f7f11d50a3a" className="tests.CSGSceneTest, tests, Version=1.0.0.0, Culture=neutral, PublicKeyToken=null" name="UnionTest_RectRectOverlapping" />
    </UnitTest>
    <UnitTest name="UnionTest_RectRectNotOverlapping" storage="c:\users\chris\mmbot\convexcad\tests\bin\debug\tests.dll" id="6d38c98f-31ee-c300-807d-f3f6bcd779b4">
      <Execution id="9ab891b8-a54c-4af5-a483-d3d32936d6b3" />
      <TestMethod codeBase="C:/Users/chris/mmbot/convexcad/tests/bin/Debug/tests.DLL" adapterTypeName="Microsoft.VisualStudio.TestTools.TestTypes.Unit.UnitTestAdapter, Microsoft.VisualStudio.QualityTools.Tips.UnitTest.Adapter, Version=10.0.0.0, Culture=neutral, PublicKeyToken=b03f5f7f11d50a3a" className="tests.CSGSceneTest, tests, Version=1.0.0.0, Culture=neutral, PublicKeyToken=null" name="UnionTest_RectRectNotOverlapping" />
    </UnitTest>
    <UnitTest name="RectangleRotateMany" storage="c:\users\chris\mmbot\convexcad\tests\bin\debug\tests.dll" id="d1ccc269-a7af-1d32-5f92-ddf45c727333">
      <Execution id="3e205407-a952-4753-8015-cd9990814138" />
      <TestMethod codeBase="C:/Users/chris/mmbot/convexcad/tests/bin/Debug/tests.DLL" adapterTypeName="Microsoft.VisualStudio.TestTools.TestTypes.Unit.UnitTestAdapter, Microsoft.VisualStudio.QualityTools.Tips.UnitTest.Adapter, Version=10.0.0.0, Culture=neutral, PublicKeyToken=b03f5f7f11d50a3a" className="tests.CSGSceneTest, tests, Version=1.0.0.0, Culture=neutral, PublicKeyToken=null" name="RectangleRotateMany" />
    </UnitTest>
    <UnitTest name="RectangleRotateX" storage="c:\users\chris\mmbot\convexcad\tests\bin\debug\tests.dll" id="9bb38470-6d7c-8074-90e0-f8c4c9500d64">
      <Execution id="939cb9c8-62ce-428f-93cd-04eb60a207b5" />
      <TestMethod codeBase="C:/Users/chris/mmbot/convexcad/tests/bin/Debug/tests.DLL" adapterTypeName="Microsoft.VisualStudio.TestTools.TestTypes.Unit.UnitTestAdapter, Microsoft.VisualStudio.QualityTools.Tips.UnitTest.Adapter, Version=10.0.0.0, Culture=neutral, PublicKeyToken=b03f5f7f11d50a3a" className="tests.CSGSceneTest, tests, Version=1.0.0.0, Culture=neutral, PublicKeyToken=null" name="RectangleRotateX" />
    </UnitTest>
    <UnitTest name="UnionTest_RectRectTouching" storage="c:\users\chris\mmbot\convexcad\tests\bin\debug\tests.dll" id="5c6dd9a9-ff18-f9c7-82e6-034450b93cdc">
      <Execution id="d954b64a-b15a-4893-ae33-e4a409d22f03" />
      <TestMethod codeBase="C:/Users/chris/mmbot/convexcad/tests/bin/Debug/tests.DLL" adapterTypeName="Microsoft.VisualStudio.TestTools.TestTypes.Unit.UnitTestAdapter, Microsoft.VisualStudio.QualityTools.Tips.UnitTest.Adapter, Version=10.0.0.0, Culture=neutral, PublicKeyToken=b03f5f7f11d50a3a" className="tests.CSGSceneTest, tests, Version=1.0.0.0, Culture=neutral, PublicKeyToken=null" name="UnionTest_RectRectTouching" />
    </UnitTest>
    <UnitTest name="UnionTest_RectRectContainedA" storage="c:\users\chris\mmbot\convexcad\tests\bin\debug\tests.dll" id="d1d4aaff-d94e-d726-a75b-7373cc5953bc">
      <Execution id="62cdb9a2-3c99-4dfe-ba19-d75f188d037a" />
      <TestMethod codeBase="C:/Users/chris/mmbot/convexcad/tests/bin/Debug/tests.DLL" adapterTypeName="Microsoft.VisualStudio.TestTools.TestTypes.Unit.UnitTestAdapter, Microsoft.VisualStudio.QualityTools.Tips.UnitTest.Adapter, Version=10.0.0.0, Culture=neutral, PublicKeyToken=b03f5f7f11d50a3a" className="tests.CSGSceneTest, tests, Version=1.0.0.0, Culture=neutral, PublicKeyToken=null" name="UnionTest_RectRectContainedA" />
    </UnitTest>
    <UnitTest name="RectangleRotateZ" storage="c:\users\chris\mmbot\convexcad\tests\bin\debug\tests.dll" id="6e8044f9-ff7d-1ad7-1dba-0933d9bbf50e">
      <Execution id="82751b93-4997-4b43-b4db-63c0082e5b9c" />
      <TestMethod codeBase="C:/Users/chris/mmbot/convexcad/tests/bin/Debug/tests.DLL" adapterTypeName="Microsoft.VisualStudio.TestTools.TestTypes.Unit.UnitTestAdapter, Microsoft.VisualStudio.QualityTools.Tips.UnitTest.Adapter, Version=10.0.0.0, Culture=neutral, PublicKeyToken=b03f5f7f11d50a3a" className="tests.CSGSceneTest, tests, Version=1.0.0.0, Culture=neutral, PublicKeyToken=null" name="RectangleRotateZ" />
    </UnitTest>
    <UnitTest name="UnionTest_MultiRectTranslatedOverlapping" storage="c:\users\chris\mmbot\convexcad\tests\bin\debug\tests.dll" id="c8b56a06-7a82-af9e-d8a8-48ae1cf6d885">
      <Execution id="c1b4f6a3-3f0e-4b4e-b14e-9d7d9f572b86" />
      <TestMethod codeBase="C:/Users/chris/mmbot/convexcad/tests/bin/Debug/tests.DLL" adapterTypeName="Microsoft.VisualStudio.TestTools.TestTypes.Unit.UnitTestAdapter, Microsoft.VisualStudio.QualityTools.Tips.UnitTest.Adapter, Version=10.0.0.0, Culture=neutral, PublicKeyToken=b03f5f7f11d50a3a" className="tests.CSGSceneTest, tests, Version=1.0.0.0, Culture=neutral, PublicKeyToken=null" name="UnionTest_MultiRectTranslatedOverlapping" />
    </UnitTest>
    <UnitTest name="RectangleRotateY" storage="c:\users\chris\mmbot\convexcad\tests\bin\debug\tests.dll" id="fd765ecb-3b5b-79c4-3097-dfbadf058aa6">
      <Execution id="46b65c64-0e61-45c0-b3d3-5ae37e107a06" />
      <TestMethod codeBase="C:/Users/chris/mmbot/convexcad/tests/bin/Debug/tests.DLL" adapterTypeName="Microsoft.VisualStudio.TestTools.TestTypes.Unit.UnitTestAdapter, Microsoft.VisualStudio.QualityTools.Tips.UnitTest.Adapter, Version=10.0.0.0, Culture=neutral, PublicKeyToken=b03f5f7f11d50a3a" className="tests.CSGSceneTest, tests, Version=1.0.0.0, Culture=neutral, PublicKeyToken=null" name="RectangleRotateY" />
    </UnitTest>
    <UnitTest name="RectangleTranslated" storage="c:\users\chris\mmbot\convexcad\tests\bin\debug\tests.dll" id="c9b82b42-3356-cf6d-93eb-b5b5d43e4723">
      <Execution id="5f50a573-100a-4bd0-bc31-dcb333ee9292" />
      <TestMethod codeBase="C:/Users/chris/mmbot/convexcad/tests/bin/Debug/tests.DLL" adapterTypeName="Microsoft.VisualStudio.TestTools.TestTypes.Unit.UnitTestAdapter, Microsoft.VisualStudio.QualityTools.Tips.UnitTest.Adapter, Version=10.0.0.0, Culture=neutral, PublicKeyToken=b03f5f7f11d50a3a" className="tests.CSGSceneTest, tests, Version=1.0.0.0, Culture=neutral, PublicKeyToken=null" name="RectangleTranslated" />
    </UnitTest>
  </TestDefinitions>
  <TestLists>
    <TestList name="Results Not in a List" id="8c84fa94-04c1-424b-9868-57a2d4851a1d" />
    <TestList name="All Loaded Results" id="19431567-8539-422a-85d7-44ee4e166bda" />
  </TestLists>
  <TestEntries>
    <TestEntry testId="4e932900-7c1e-7db1-e4d5-e7e2247250ce" executionId="3f6bfd8c-4ebe-48fd-90bd-f91ece8f9c1b" testListId="8c84fa94-04c1-424b-9868-57a2d4851a1d" />
    <TestEntry testId="5c6dd9a9-ff18-f9c7-82e6-034450b93cdc" executionId="d954b64a-b15a-4893-ae33-e4a409d22f03" testListId="8c84fa94-04c1-424b-9868-57a2d4851a1d" />
    <TestEntry testId="6d38c98f-31ee-c300-807d-f3f6bcd779b4" executionId="9ab891b8-a54c-4af5-a483-d3d32936d6b3" testListId="8c84fa94-04c1-424b-9868-57a2d4851a1d" />
    <TestEntry testId="6e8044f9-ff7d-1ad7-1dba-0933d9bbf50e" executionId="82751b93-4997-4b43-b4db-63c0082e5b9c" testListId="8c84fa94-04c1-424b-9868-57a2d4851a1d" />
    <TestEntry testId="8f7c7f4a-018f-2d86-deb7-eb725a8508a3" executionId="2bcd8ca3-5cf5-4c06-9c67-eda19c1bae26" testListId="8c84fa94-04c1-424b-9868-57a2d4851a1d" />
    <TestEntry testId="9bb38470-6d7c-8074-90e0-f8c4c9500d64" executionId="939cb9c8-62ce-428f-93cd-04eb60a207b5" testListId="8c84fa94-04c1-424b-9868-57a2d4851a1d" />
    <TestEntry testId="ab49f718-abdd-4482-8af9-1999e6272b9b" executionId="01b68e09-af1c-49e9-935d-b2cf98eec13d" testListId="8c84fa94-04c1-424b-9868-57a2d4851a1d" />
    <TestEntry testId="bc1f91b1-352d-acef-b639-68c3cdeafb4d" executionId="f554f26d-b12e-4109-9415-d069577c9b5e" testListId="8c84fa94-04c1-424b-9868-57a2d4851a1d" />
    <TestEntry testId="c8b56a06-7a82-af9e-d8a8-48ae1cf6d885" executionId="c1b4f6a3-3f0e-4b4e-b14e-9d7d9f572b86" testListId="8c84fa94-04c1-424b-9868-57a2d4851a1d" />
    <TestEntry testId="c9b82b42-3356-cf6d-93eb-b5b5d43e4723" executionId="5f50a573-100a-4bd0-bc31-dcb333ee9292" testListId="8c84fa94-04c1-424b-9868-57a2d4851a1d" />
    <TestEntry testId="d1ccc269-a7af-1d32-5f92-ddf45c727333" executionId="3e205407-a952-4753-8015-cd9990814138" testListId="8c84fa94-04c1-424b-9868-57a2d4851a1d" />
    <TestEntry testId="d1d4aaff-d94e-d726-a75b-7373cc5953bc" executionId="62cdb9a2-3c99-4dfe-ba19-d75f188d037a" testListId="8c84fa94-04c1-424b-9868-57a2d4851a1d" />
    <TestEntry testId="f2826647-274f-6e71-9f88-8c2285fe2fbb" executionId="18aae813-ed9b-4f6c-94fc-d05e52e2be06" testListId="8c84fa94-04c1-424b-9868-57a2d4851a1d" />
    <TestEntry testId="fb71f77b-d140-c2ed-ce91-44bcea9f3a84" executionId="87f59a6a-e9ea-4a6d-8d3e-2caadf7766f7" testListId="8c84fa94-04c1-424b-9868-57a2d4851a1d" />
    <TestEntry testId="fd765ecb-3b5b-79c4-3097-dfbadf058aa6" executionId="46b65c64-0e61-45c0-b3d3-5ae37e107a06" testListId="8c84fa94-04c1-424b-9868-57a2d4851a1d" />
  </TestEntries>
  <Results>
    <UnitTestResult executionId="3f6bfd8c-4ebe-48fd-90bd-f91ece8f9c1b" testId="4e932900-7c1e-7db1-e4d5-e7e2247250ce" testName="RectangleTest2" computerName="CHRISLAPTOP" duration="00:00:00.4935117" startTime="2012-06-18T23:34:45.8428926+01:00" endTime="2012-06-18T23:34:46.6649396+01:00" testType="13cdc9d9-ddb5-4fa4-a97d-d965ccfc6d4b" outcome="Passed" testListId="8c84fa94-04c1-424b-9868-57a2d4851a1d" relativeResultsDirectory="3f6bfd8c-4ebe-48fd-90bd-f91ece8f9c1b">
    </UnitTestResult>
    <UnitTestResult executionId="d954b64a-b15a-4893-ae33-e4a409d22f03" testId="5c6dd9a9-ff18-f9c7-82e6-034450b93cdc" testName="UnionTest_RectRectTouching" computerName="CHRISLAPTOP" duration="00:00:00.3217536" startTime="2012-06-18T23:34:46.6749401+01:00" endTime="2012-06-18T23:34:47.0019588+01:00" testType="13cdc9d9-ddb5-4fa4-a97d-d965ccfc6d4b" outcome="Passed" testListId="8c84fa94-04c1-424b-9868-57a2d4851a1d" relativeResultsDirectory="d954b64a-b15a-4893-ae33-e4a409d22f03">
    </UnitTestResult>
    <UnitTestResult executionId="9ab891b8-a54c-4af5-a483-d3d32936d6b3" testId="6d38c98f-31ee-c300-807d-f3f6bcd779b4" testName="UnionTest_RectRectNotOverlapping" computerName="CHRISLAPTOP" duration="00:00:00.3420027" startTime="2012-06-18T23:34:47.0079592+01:00" endTime="2012-06-18T23:34:47.3559791+01:00" testType="13cdc9d9-ddb5-4fa4-a97d-d965ccfc6d4b" outcome="Passed" testListId="8c84fa94-04c1-424b-9868-57a2d4851a1d" relativeResultsDirectory="9ab891b8-a54c-4af5-a483-d3d32936d6b3">
    </UnitTestResult>
    <UnitTestResult executionId="82751b93-4997-4b43-b4db-63c0082e5b9c" testId="6e8044f9-ff7d-1ad7-1dba-0933d9bbf50e" testName="RectangleRotateZ" computerName="CHRISLAPTOP" duration="00:00:00.3316558" startTime="2012-06-18T23:34:47.3749802+01:00" endTime="2012-06-18T23:34:47.7129995+01:00" testType="13cdc9d9-ddb5-4fa4-a97d-d965ccfc6d4b" outcome="Passed" testListId="8c84fa94-04c1-424b-9868-57a2d4851a1d" relativeResultsDirectory="82751b93-4997-4b43-b4db-63c0082e5b9c">
    </UnitTestResult>
    <UnitTestResult executionId="2bcd8ca3-5cf5-4c06-9c67-eda19c1bae26" testId="8f7c7f4a-018f-2d86-deb7-eb725a8508a3" testName="RectangleTranslated3" computerName="CHRISLAPTOP" duration="00:00:00.3963131" startTime="2012-06-18T23:34:47.7280004+01:00" endTime="2012-06-18T23:34:48.1400239+01:00" testType="13cdc9d9-ddb5-4fa4-a97d-d965ccfc6d4b" outcome="Passed" testListId="8c84fa94-04c1-424b-9868-57a2d4851a1d" relativeResultsDirectory="2bcd8ca3-5cf5-4c06-9c67-eda19c1bae26">
    </UnitTestResult>
    <UnitTestResult executionId="939cb9c8-62ce-428f-93cd-04eb60a207b5" testId="9bb38470-6d7c-8074-90e0-f8c4c9500d64" testName="RectangleRotateX" computerName="CHRISLAPTOP" duration="00:00:00.3898094" startTime="2012-06-18T23:34:48.1440242+01:00" endTime="2012-06-18T23:34:48.5430470+01:00" testType="13cdc9d9-ddb5-4fa4-a97d-d965ccfc6d4b" outcome="Passed" testListId="8c84fa94-04c1-424b-9868-57a2d4851a1d" relativeResultsDirectory="939cb9c8-62ce-428f-93cd-04eb60a207b5">
    </UnitTestResult>
    <UnitTestResult executionId="01b68e09-af1c-49e9-935d-b2cf98eec13d" testId="ab49f718-abdd-4482-8af9-1999e6272b9b" testName="RectangleTest3" computerName="CHRISLAPTOP" duration="00:00:00.3255883" startTime="2012-06-18T23:34:48.5450471+01:00" endTime="2012-06-18T23:34:48.8760660+01:00" testType="13cdc9d9-ddb5-4fa4-a97d-d965ccfc6d4b" outcome="Passed" testListId="8c84fa94-04c1-424b-9868-57a2d4851a1d" relativeResultsDirectory="01b68e09-af1c-49e9-935d-b2cf98eec13d">
    </UnitTestResult>
    <UnitTestResult executionId="f554f26d-b12e-4109-9415-d069577c9b5e" testId="bc1f91b1-352d-acef-b639-68c3cdeafb4d" testName="RectangleTranslated2" computerName="CHRISLAPTOP" duration="00:00:00.3353349" startTime="2012-06-18T23:34:48.8790662+01:00" endTime="2012-06-18T23:34:49.2350866+01:00" testType="13cdc9d9-ddb5-4fa4-a97d-d965ccfc6d4b" outcome="Passed" testListId="8c84fa94-04c1-424b-9868-57a2d4851a1d" relativeResultsDirectory="f554f26d-b12e-4109-9415-d069577c9b5e">
    </UnitTestResult>
    <UnitTestResult executionId="c1b4f6a3-3f0e-4b4e-b14e-9d7d9f572b86" testId="c8b56a06-7a82-af9e-d8a8-48ae1cf6d885" testName="UnionTest_MultiRectTranslatedOverlapping" computerName="CHRISLAPTOP" duration="00:00:00.3468770" startTime="2012-06-18T23:34:49.2410869+01:00" endTime="2012-06-18T23:34:49.6081079+01:00" testType="13cdc9d9-ddb5-4fa4-a97d-d965ccfc6d4b" outcome="Passed" testListId="8c84fa94-04c1-424b-9868-57a2d4851a1d" relativeResultsDirectory="c1b4f6a3-3f0e-4b4e-b14e-9d7d9f572b86">
    </UnitTestResult>
    <UnitTestResult executionId="5f50a573-100a-4bd0-bc31-dcb333ee9292" testId="c9b82b42-3356-cf6d-93eb-b5b5d43e4723" testName="RectangleTranslated" computerName="CHRISLAPTOP" duration="00:00:00.3715464" startTime="2012-06-18T23:34:49.6151083+01:00" endTime="2012-06-18T23:34:49.9921299+01:00" testType="13cdc9d9-ddb5-4fa4-a97d-d965ccfc6d4b" outcome="Passed" testListId="8c84fa94-04c1-424b-9868-57a2d4851a1d" relativeResultsDirectory="5f50a573-100a-4bd0-bc31-dcb333ee9292">
    </UnitTestResult>
    <UnitTestResult executionId="3e205407-a952-4753-8015-cd9990814138" testId="d1ccc269-a7af-1d32-5f92-ddf45c727333" testName="RectangleRotateMany" computerName="CHRISLAPTOP" duration="00:00:00.3261055" startTime="2012-06-18T23:34:49.9981302+01:00" endTime="2012-06-18T23:34:50.3341494+01:00" testType="13cdc9d9-ddb5-4fa4-a97d-d965ccfc6d4b" outcome="Passed" testListId="8c84fa94-04c1-424b-9868-57a2d4851a1d" relativeResultsDirectory="3e205407-a952-4753-8015-cd9990814138">
    </UnitTestResult>
    <UnitTestResult executionId="62cdb9a2-3c99-4dfe-ba19-d75f188d037a" testId="d1d4aaff-d94e-d726-a75b-7373cc5953bc" testName="UnionTest_RectRectContainedA" computerName="CHRISLAPTOP" duration="00:00:00.3046624" startTime="2012-06-18T23:34:50.3381497+01:00" endTime="2012-06-18T23:34:50.6511676+01:00" testType="13cdc9d9-ddb5-4fa4-a97d-d965ccfc6d4b" outcome="Passed" testListId="8c84fa94-04c1-424b-9868-57a2d4851a1d" relativeResultsDirectory="62cdb9a2-3c99-4dfe-ba19-d75f188d037a">
    </UnitTestResult>
    <UnitTestResult executionId="18aae813-ed9b-4f6c-94fc-d05e52e2be06" testId="f2826647-274f-6e71-9f88-8c2285fe2fbb" testName="UnionTest_RectRectOverlapping" computerName="CHRISLAPTOP" duration="00:00:00.3190842" startTime="2012-06-18T23:34:50.6571679+01:00" endTime="2012-06-18T23:34:50.9811864+01:00" testType="13cdc9d9-ddb5-4fa4-a97d-d965ccfc6d4b" outcome="Passed" testListId="8c84fa94-04c1-424b-9868-57a2d4851a1d" relativeResultsDirectory="18aae813-ed9b-4f6c-94fc-d05e52e2be06">
    </UnitTestResult>
    <UnitTestResult executionId="87f59a6a-e9ea-4a6d-8d3e-2caadf7766f7" testId="fb71f77b-d140-c2ed-ce91-44bcea9f3a84" testName="RectangleTest" computerName="CHRISLAPTOP" duration="00:00:00.5491183" startTime="2012-06-18T23:34:50.9951872+01:00" endTime="2012-06-18T23:34:51.5632197+01:00" testType="13cdc9d9-ddb5-4fa4-a97d-d965ccfc6d4b" outcome="Passed" testListId="8c84fa94-04c1-424b-9868-57a2d4851a1d" relativeResultsDirectory="87f59a6a-e9ea-4a6d-8d3e-2caadf7766f7">
    </UnitTestResult>
    <UnitTestResult executionId="46b65c64-0e61-45c0-b3d3-5ae37e107a06" testId="fd765ecb-3b5b-79c4-3097-dfbadf058aa6" testName="RectangleRotateY" computerName="CHRISLAPTOP" duration="00:00:00.3460805" startTime="2012-06-18T23:34:51.5742204+01:00" endTime="2012-06-18T23:34:51.9262405+01:00" testType="13cdc9d9-ddb5-4fa4-a97d-d965ccfc6d4b" outcome="Passed" testListId="8c84fa94-04c1-424b-9868-57a2d4851a1d" relativeResultsDirectory="46b65c64-0e61-45c0-b3d3-5ae37e107a06">
    </UnitTestResult>
  </Results>
</TestRun>